140090114808699
140090123179299
140090133995699
140090142329100
140090150662500
140090158995900
140090167329299
140090175662700
140090183996100
140090192329499
140090200662900
140090208996300
140090217329700
140090225663099
140090233996500
140090242329900
140090250663299
140090258996700
140090267330100
140090275663500
140090283996899
140090292330300
140090300663700
140090308997099
140090317330500
140090325663900
140090333997300
140090342330699
140090350677999
140090359011400
140090367344800
140090375678200
140090384011599
140090392345000
140090400678400
140090409011799
140090417345200
140090425678600
140090434012000
140090442345399
140090450678800
140090459012200
140090467345599
140090475679000
140090484012400
140090492345800
140090500679199
140090509012600
140090517346000
140090525679399
140090534012800
140090542346200
140090550679600
140090559012999
140090567346400
140090575679800
140090584013199
140090592346600
140090600680000
140090609013400
140090617346799
140090625680200
140090634013600
140090642346999
140090650680400
140090659013800
140090667347200
140090675680599
140090684014000
140090692347400
140090700680799
140090709014200
140090717347600
140090725681000
140090734014399
140090742347800
140090750681200
140090759014599
140090767348000
140090775681400
140090784014800
140090792348199
140090800681600
140090809015000
140090817348400
140090825681800
140090834015200
140090842348600
140090850681999
140090859015400
140090867348800
140090875682200
140090884015600
140090892349000
140090900682400
140090909015799
140090917349200
140090925682600
140090934016000
140090942349400
140090950682800
140090959016200
140090967349599
140090975683000
140090984016400
140090992349800
140091000683200
140091009016600
140091017350000
140091025683399
140091034016800
140091042350200
140091050683600
140091059017000
140091067350400
140091075683800
140091084017199
140091092350600
140091100684000
140091109017400
140091117350799
140091125684200
140091134017600
140091142350999
140091150684400
140091159017800
140091167351200
140091175684599
140091184018000
140091192351400
140091200684799
140091209018200
140091217351600
140091225685000
140091234018399
140091242351800
140091250685200
140091259018599
140091267352000
140091275685400
140091284018800
140091292352199
140091300685600
140091309019000
140091317355100
140091325688499
140091334021900
140091342355300
140091350688700
140091359022099
140091367355500
140091375688900
140091384022299
140091392355700
140091400689100
140091409022500
140091417355899
140091425689300
140091434022700
140091442356099
140091450689500
140091459022900
140091467356300
140091475689699
140091484023100
140091492356500
140091500689900
140091509023300
140091517356700
140091525690100
140091534023499
140091542356900
140091550690300
140091559023700
140091567357100
140091575690500
140091584023900
140091592357299
140091600690700
140091609024100
140091617357500
140091625690900
140091634024300
140091642357700
140091650691099
140091659024500
140091667357900
140091675691300
140091684024700
140091692358100
140091700691500
140091709024899
140091717358300
140091725691700
140091734025100
140091742358500
140091750691900
140091759025300
140091767358699
140091775692100
140091784025500
140091792358900
140091800692299
140091809025700
140091817359100
140091825692499
140091834025900
140091842359300
140091850692700
140091859026099
140091867359500
140091875692900
140091884026299
140091892359700
140091900693100
140091909026500
140091917359899
140091925693300
140091934026700
140091942360099
140091950693500
140091959026900
140091967360300
140091975693699
140091984027100
140091992360500
140092000693899
140092009027300
140092017360700
140092025694100
140092034027499
140092042360900
140092050694300
140092059027699
140092067361100
140092075694500
140092084027900
140092092361299
140092100694700
140092109028100
140092117361499
140092125694900
140092134028300
140092142361700
140092150695099
140092159028500
140092167361900
140092175695299
140092184028700
140092192362100
140092200695500
140092209028899
140092217362300
140092225695700
140092234029099
140092242362500
140092250695900
140092259029300
140092267362699
140092275696100
140092284029500
140092292362900
140092300696300
140092309029700
140092317363100
140092325696499
140092334029900
140092342363300
140092350696700
140092359030100
140092367363500
140092375696900
140092384030299
140092392363700
140092400697100
140092409030500
140092417363900
140092425697300
140092434030700
140092442364099
140092450697500
140092459030900
140092467364300
140092475697700
140092484031100
140092492364500
140092500697899
140092509031300
140092517364700
140092525698100
140092534031499
140092542364900
140092550698300
140092559031699
140092567365100
140092575698500
140092584031900
140092592365299
140092600698700
140092609032100
140092617365499
140092625698900
140092634032300
140092642365700
140092650699099
140092659032500
140092667365900
140092675699299
140092684032700
140092692366100
140092700699500
140092709032899
140092717366300
140092725699700
140092734033099
140092742366500
140092750699900
140092759033300
140092767366699
140092775700100
140092784033500
140092792366899
140092800700300
140092809033700
140092817367100
140092825700499
140092834033900
140092842367300
140092850700699
140092859034100
140092867367500
140092875700900
140092884034299
140092892367700
140092900701100
140092909034499
140092917367900
140092925701300
140092934034700
140092942368099
140092950701500
140092959034900
140092967368299
140092975701700
140092984035100
140092992368500
140093000701899
140093009035300
140093017368700
140093025702100
140093034035500
140093042368900
140093050702300
140093059035699
140093067369100
140093075702500
140093084035900
140093092369300
140093100702700
140093109036100
140093117369499
140093125702900
140093134036300
140093142369700
140093150703100
140093159036500
140093167369900
140093175703299
140093184036700
140093192370100
140093200703500
140093209036900
140093217370300
140093225703700
140093234037099
140093242370500
140093250703900
140093259037300
140093267370699
140093275704100
140093284037500
140093292370899
140093300704300
140093309037700
140093317371100
140093325704499
140093334037900
140093342371300
140093350704699
140093359038100
140093367371500
140093375704900
140093384038299
140093392371700
140093400705100
140093409038499
140093417371900
140093425705300
140093434038700
140093442372099
140093450705500
140093459038900
140093467372299
140093475705700
140093484039100
140093492372500
140093500705899
140093509039300
140093517372700
140093525706099
140093534039500
140093542372900
140093550706300
140093559039699
140093567373100
140093575706500
140093584039899
140093592373300
140093600706700
140093609040100
140093617373499
140093625706900
140093634040300
140093642373699
140093650707100
140093659040500
140093667373900
140093675707299
140093684040700
140093692374100
140093700707499
140093709040900
140093717374300
140093725707700
140093734041099
140093742374500
140093750707900
140093759041300
140093767374700
140093775708100
140093784041500
140093792374899
140093800708300
140093809041700
140093817375100
140093825708500
140093834041900
140093842375300
140093850708699
140093859042100
140093867375500
140093875708900
140093884042300
140093892375700
140093900709100
140093909042499
140093917375900
140093925709300
140093934042700
140093942376100
140093950709500
140093959042900
140093967376299
140093975709700
140093984043100
140093992376500
140094000709900
140094009043300
140094017376700
140094025710099
140094034043500
140094042376900
140094050710300
140094059043699
140094067377100
140094075710500
140094084043899
140094092377300
140094100710700
140094109044100
140094117377499
140094125710900
140094134044300
140094142377699
140094150711100
140094159044500
140094167377900
140094175711299
140094184044700
140094192378100
140094200711499
140094209044900
140094217378300
140094225711700
140094234045099
140094242378500
140094250711900
140094259045299
140094267378700
140094275712100
140094284045500
140094292378899
140094300712300
140094309045700
140094317379099
140094325712500
140094334045900
140094342379300
140094350712699
140094359046100
140094367379500
140094375712899
140094384046300
140094392379700
140094400713100
140094409046499
140094417379900
140094425713300
140094434046699
140094442380100
140094450713500
140094459046900
140094467380299
140094475713700
140094484047100
140094492380500
140094500713900
140094509047300
140094517380700
140094525714099
140094534047500
140094542380900
140094550714300
140094559047700
140094567381100
140094575714500
140094584047899
140094592381300
140094600714700
140094609048100
140094617381500
140094625714900
140094634048300
140094642381699
140094650715100
140094659048500
140094667381900
140094675715300
140094684048700
140094692382100
140094700715499
140094709048900
140094717382300
140094725715700
140094734049100
140094742382500
140094750715900
140094759049299
140094767382700
140094775716100
140094784049500
140094792382899
140094800716300
140094809049700
140094817383099
140094825716500
140094834049900
140094842383300
140094850716699
140094859050100
140094867383500
140094875716899
140094884050300
140094892383700
140094900717100
140094909050499
140094917383900
140094925717300
140094934050699
140094942384100
140094950717500
140094959050900
140094967384299
140094975717700
140094984051100
140094992384499
140095000717900
140095009051300
140095017384700
140095025718099
140095034051500
140095042384900
140095050718299
140095059051700
140095067385100
140095075718500
140095084051899
140095092385300
140095100718700
140095109052099
140095117385500
140095125718900
140095134052300
140095142385699
140095150719100
140095159052500
140095167385899
140095175719300
140095184052700
140095192386100
140095200719499
140095209052900
140095217386300
140095225719700
140095234053100
140095242386500
140095250719900
140095259053299
140095267386700
140095275720100
140095284053500
140095292386900
140095300720300
140095309053700
140095317387099
140095325720500
140095334053900
140095342387300
140095350720700
140095359054100
140095367387500
140095375720899
140095384054300
140095392387700
140095400721100
140095409054500
140095417387900
140095425721300
140095434054699
140095442388100
140095450721500
140095459054900
140095467388300
140095475721700
140095484055100
140095492388499
140095500721900
140095509055300
140095517388700
140095525722099
140095534055500
140095542388900
140095550722299
140095559055700
140095567389100
140095575722500
140095584055899
140095592389300
140095600722700
140095609056099
140095617389500
140095625722900
140095634056300
140095642389699
140095650723100
140095659056500
140095667389899
140095675723300
140095684056700
140095692390100
140095700723499
140095709056900
140095717390300
140095725723699
140095734057100
140095742390500
140095750723900
140095759057299
140095767390700
140095775724100
140095784057499
140095792390900
140095800724300
140095809057700
140095817391099
140095825724500
140095834057900
140095842391299
140095850724700
140095859058100
140095867391500
140095875724899
140095884058300
140095892391700
140095900725099
140095909058500
140095917391900
140095925725300
140095934058699
140095942392100
140095950725500
140095959058900
140095967392300
140095975725700
140095984059100
140095992392499
140096000725900
140096009059300
140096017392700
140096025726100
140096034059500
140096042392900
140096050726299
140096059059700
140096067393100
140096075726500
140096084059900
140096092393300
140096100726700
140096109060099
140096117393500
140096125726900
140096134060300
140096142393700
140096150727100
140096159060500
140096167393899
140096175727300
140096184060700
140096192399600
140096200733000
140096209066400
140096217399800
140096225733200
140096234066600
140096242399999
140096250733400
140096259066800
140096267400200
140096275733600
140096284067000
140096292400400
140096300733799
140096309067200
140096317400600
140096325734000
140096334067399
140096342400800
140096350734200
140096359067599
140096367401000
140096375734400
140096384067800
140096392401199
140096400734600
140096409068000
140096417401399
140096425734800
140096434068200
140096442401600
140096450734999
140096459068400
140096467401800
140096475735199
140096484068600
140096492402000
140096500735400
140096509068799
140096517402200
140096525735600
140096534068999
140096542402400
140096550735800
140096559069200
140096567402599
140096575736000
140096584069400
140096592402799
140096600736200
140096609069600
140096617403000
140096625736399
140096634069800
140096642403200
140096650736599
140096659070000
140096667403400
140096675736800
140096684070199
140096692403600
140096700737000
140096709070399
140096717403800
140096725737200
140096734070600
140096742403999
140096750737400
140096759070800
140096767404200
140096775737600
140096784071000
140096792404400
140096800737799
140096809071200
140096817404600
140096825738000
140096834071400
140096842404800
140096850738200
140096859071599
140096867405000
140096889373499
140096897706900
140096906040300
140096914373700
140096922707099
140096931040500
140096939373900
140096947707299
140096956040700
140096964374100
140096972707500
140096981040899
140096989374300
140096997707700
140097006041099
140097014374500
140097022707900
140097031041300
140097039374699
140097047708100
140097056041500
140097064374899
140097072708300
140097081041700
140097089375100
140097097708499
140097106041900
140097114375300
140097122708699
140097131042100
140097139433500
140097147766899
140097156100300
140097164433700
140097172767100
140097181100499
140097189433900
140097197767300
140097206100699
140097214434100
140097222767500
140097231100900
140097239485800
140097247840000
140097256173400
140097264541999
140097272895900
140097281229299
140097289562700
140097297901299
140097306248100
140097314581499
140097322914900
140097331248300
140097339608400
140097347941799
140097356275200
140097364608600
140097372941999
140097381275400
140097389608800
140097397942200
140097406275599
140097414609000
140097422942400
140097431275799
140097439609200
140097447973700
140097456327300
140097464660700
140097472994100
140097481327499
140097489660900
140097497994300
140097506327699
140097514661100
140097522994500
140097531330800
140097539664200
140097548038100
140097556371499
140097564704900
140097573038300
140097581374600
140097589708000
140097598041400
140097606374800
140097614708200
140097623041599
140097631375000
140097639708400
140097648054199
140097656387600
140097664721000
140097673054399
140097681388600
140097689736400
140097698069800
140097706457400
140097714790800
140097723124200
140097731457599
140097739795700
140097748156900
140097756508600
140097764842000
140097773175400
140097781508799
140097789842200
140097798175600
140097806508999
140097814842400
140097823281900
140097831615300
140097840060399
140097848393800
140097856734600
140097865068000
140097873401400
140097881734800
140097890093500
140097898426900
140097906760299
140097915093700
140097923433399
140097931766800
140097940100200
140097948433599
140097956776500
140097965109899
140097973443300
140097981776700
140097990110100
140097998443500
140098006776900
140098015110300
140098023443699
140098031777100
140098040110500
140098048551899
140098056885300
140098065218700
140098073552099
140098081920900
140098090254300
140098098587699
140098106921100
140098115254500
140098123587899
140098131921300
140098140254700
140098148588100
140098156921499
140098165254900
140098173588300
140098181921699
140098190274200
140098198607600
140098206941000
140098215274399
140098223619000
140098231952400
140098240285800
140098248663700
140098256997099
140098265330500
140098273663900
140098281997299
140098290330700
140098298664100
140098306997500
140098315330899
140098323664300
140098331997700
140098340331099
140098348664500
140098356997900
140098365331300
140098373664699
140098381998100
140098390331500
140098398664900
140098406998300
140098415331700
140098423665100
140098431998499
140098440331900
140098448665300
140098456998700
140098465332100
140098473665500
140098481998900
140098490332299
140098498665700
140098506999100
140098515332500
140098523665900
140098531999300
140098540332700
140098548666099
140098556999500
140098565332900
140098573666300
140098581999700
140098590333100
140098598666500
140098606999899
140098615333300
140098623678300
140098632011700
140098640345100
140098648678500
140098657011900
